[INFO] Scanning for projects...
[INFO] 
[INFO] ----------------< com.inventorix:java-code-assignment >-----------------
[INFO] Building java-code-assignment 1.0.0-SNAPSHOT
[INFO] --------------------------------[ jar ]---------------------------------
[INFO] 
[INFO] --- jacoco-maven-plugin:0.8.10:prepare-agent (default) @ java-code-assignment ---
[INFO] argLine set to -javaagent:C:\\Users\\sanjeev\\.m2\\repository\\org\\jacoco\\org.jacoco.agent\\0.8.10\\org.jacoco.agent-0.8.10-runtime.jar=destfile=C:\\hackathon-java-assignment\\target\\jacoco.exec
[INFO] 
[INFO] --- maven-resources-plugin:2.6:resources (default-resources) @ java-code-assignment ---
[INFO] Using 'UTF-8' encoding to copy filtered resources.
[INFO] Copying 4 resources
[INFO] 
[INFO] --- quarkus-maven-plugin:3.13.3:generate-code (default) @ java-code-assignment ---
[INFO] Generating JAX-RS interfaces and beans from: C:\Users\sanjeev\AppData\Local\Temp\warehouse-openapi.yaml13881106898420989143.json
[INFO] Generating code...
Generating Bean: com.warehouse.api.beans.Warehouse
Adding to zip: com/warehouse/api/beans/Warehouse.java
Generating Interface: com.warehouse.api.WarehouseResource
Adding to zip: com/warehouse/api/WarehouseResource.java

[INFO] Code generated, unpacking the output ZIP.
[INFO] Code successfully generated.
[INFO] 
[INFO] --- maven-compiler-plugin:3.11.0:compile (default-compile) @ java-code-assignment ---
[INFO] Changes detected - recompiling the module! :source
[INFO] Compiling 25 source files with javac [debug release 17] to target\classes
[INFO] 
[INFO] --- quarkus-maven-plugin:3.13.3:generate-code-tests (default) @ java-code-assignment ---
[INFO] 
[INFO] --- maven-resources-plugin:2.6:testResources (default-testResources) @ java-code-assignment ---
[INFO] Using 'UTF-8' encoding to copy filtered resources.
[INFO] skip non existing resourceDirectory C:\hackathon-java-assignment\src\test\resources
[INFO] 
[INFO] --- maven-compiler-plugin:3.11.0:testCompile (default-testCompile) @ java-code-assignment ---
[INFO] Changes detected - recompiling the module! :dependency
[INFO] Compiling 19 source files with javac [debug release 17] to target\test-classes
[INFO] -------------------------------------------------------------
[WARNING] COMPILATION WARNING : 
[INFO] -------------------------------------------------------------
[WARNING] /C:/hackathon-java-assignment/src/test/java/com/fulfilment/application/monolith/stores/StoreEventObserverTest.java:[20,4] io.quarkus.test.junit.mockito.InjectMock in io.quarkus.test.junit.mockito has been deprecated and marked for removal
[WARNING] /C:/hackathon-java-assignment/src/test/java/com/fulfilment/application/monolith/stores/StoreTransactionIntegrationTest.java:[21,4] io.quarkus.test.junit.mockito.InjectMock in io.quarkus.test.junit.mockito has been deprecated and marked for removal
[INFO] 2 warnings 
[INFO] -------------------------------------------------------------
[INFO] -------------------------------------------------------------
[ERROR] COMPILATION ERROR : 
[INFO] -------------------------------------------------------------
[ERROR] /C:/hackathon-java-assignment/src/test/java/com/fulfilment/application/monolith/warehouses/domain/models/WarehouseModelTest.java:[7,8] class WarehouseTest is public, should be declared in a file named WarehouseTest.java
[ERROR] /C:/hackathon-java-assignment/src/test/java/com/fulfilment/application/monolith/location/LocationGatewayExtendedTest.java:[11,8] class LocationGatewayComprehensiveTest is public, should be declared in a file named LocationGatewayComprehensiveTest.java
[INFO] 2 errors 
[INFO] -------------------------------------------------------------
[INFO] ------------------------------------------------------------------------
[INFO] BUILD FAILURE
[INFO] ------------------------------------------------------------------------
[INFO] Total time:  19.544 s
[INFO] Finished at: 2026-04-07T22:36:13+05:30
[INFO] ------------------------------------------------------------------------
[ERROR] Failed to execute goal org.apache.maven.plugins:maven-compiler-plugin:3.11.0:testCompile (default-testCompile) on project java-code-assignment: Compilation failure: Compilation failure: 
[ERROR] /C:/hackathon-java-assignment/src/test/java/com/fulfilment/application/monolith/warehouses/domain/models/WarehouseModelTest.java:[7,8] class WarehouseTest is public, should be declared in a file named WarehouseTest.java
[ERROR] /C:/hackathon-java-assignment/src/test/java/com/fulfilment/application/monolith/location/LocationGatewayExtendedTest.java:[11,8] class LocationGatewayComprehensiveTest is public, should be declared in a file named LocationGatewayComprehensiveTest.java
[ERROR] -> [Help 1]
[ERROR] 
[ERROR] To see the full stack trace of the errors, re-run Maven with the -e switch.
[ERROR] Re-run Maven using the -X switch to enable full debug logging.
[ERROR] 
[ERROR] For more information about the errors and possible solutions, please read the following articles:
[ERROR] [Help 1] http://cwiki.apache.org/confluence/display/MAVEN/MojoFailureException
