[INFO] Scanning for projects...
[INFO] 
[INFO] ----------------< com.inventorix:java-code-assignment >-----------------
[INFO] Building java-code-assignment 1.0.0-SNAPSHOT
[INFO] --------------------------------[ jar ]---------------------------------
[INFO] 
[INFO] --- maven-clean-plugin:2.5:clean (default-clean) @ java-code-assignment ---
[INFO] Deleting C:\hackathon-java-assignment\target
[INFO] 
[INFO] --- maven-resources-plugin:2.6:resources (default-resources) @ java-code-assignment ---
[INFO] Using 'UTF-8' encoding to copy filtered resources.
[INFO] Copying 4 resources
[INFO] 
[INFO] --- quarkus-maven-plugin:3.13.3:generate-code (default) @ java-code-assignment ---
[INFO] Generating JAX-RS interfaces and beans from: C:\Users\sanjeev\AppData\Local\Temp\warehouse-openapi.yaml6876913620081674005.json
[INFO] Generating code...
Generating Bean: com.warehouse.api.beans.Warehouse
Adding to zip: com/warehouse/api/beans/Warehouse.java
Generating Interface: com.warehouse.api.WarehouseResource
Adding to zip: com/warehouse/api/WarehouseResource.java

[INFO] Code generated, unpacking the output ZIP.
[INFO] Code successfully generated.
[INFO] 
[INFO] --- maven-compiler-plugin:3.11.0:compile (default-compile) @ java-code-assignment ---
[INFO] Changes detected - recompiling the module! :source
[INFO] Compiling 25 source files with javac [debug release 17] to target\classes
[INFO] -------------------------------------------------------------
[ERROR] COMPILATION ERROR : 
[INFO] -------------------------------------------------------------
[ERROR] /C:/hackathon-java-assignment/src/main/java/com/fulfilment/application/monolith/stores/StoreEventObserver.java:[17,65] cannot find symbol
  symbol:   variable AFTER_COMMIT
  location: class jakarta.enterprise.event.TransactionPhase
[ERROR] /C:/hackathon-java-assignment/src/main/java/com/fulfilment/application/monolith/stores/StoreEventObserver.java:[22,65] cannot find symbol
  symbol:   variable AFTER_COMMIT
  location: class jakarta.enterprise.event.TransactionPhase
[INFO] 2 errors 
[INFO] -------------------------------------------------------------
[INFO] ------------------------------------------------------------------------
[INFO] BUILD FAILURE
[INFO] ------------------------------------------------------------------------
[INFO] Total time:  12.561 s
[INFO] Finished at: 2026-04-07T20:25:07+05:30
[INFO] ------------------------------------------------------------------------
[ERROR] Failed to execute goal org.apache.maven.plugins:maven-compiler-plugin:3.11.0:compile (default-compile) on project java-code-assignment: Compilation failure: Compilation failure: 
[ERROR] /C:/hackathon-java-assignment/src/main/java/com/fulfilment/application/monolith/stores/StoreEventObserver.java:[17,65] cannot find symbol
[ERROR]   symbol:   variable AFTER_COMMIT
[ERROR]   location: class jakarta.enterprise.event.TransactionPhase
[ERROR] /C:/hackathon-java-assignment/src/main/java/com/fulfilment/application/monolith/stores/StoreEventObserver.java:[22,65] cannot find symbol
[ERROR]   symbol:   variable AFTER_COMMIT
[ERROR]   location: class jakarta.enterprise.event.TransactionPhase
[ERROR] -> [Help 1]
[ERROR] 
[ERROR] To see the full stack trace of the errors, re-run Maven with the -e switch.
[ERROR] Re-run Maven using the -X switch to enable full debug logging.
[ERROR] 
[ERROR] For more information about the errors and possible solutions, please read the following articles:
[ERROR] [Help 1] http://cwiki.apache.org/confluence/display/MAVEN/MojoFailureException
